
> algoscope-frontend@0.0.0 build
> tsc && vite build

src/components/foundations/FoundationVisualizer.tsx(66,13): error TS2322: Type 'Timeout' is not assignable to type 'number'.
src/pages/PatternProfile.tsx(28,12): error TS6133: 'isLoading' is declared but its value is never read.
src/pages/PatternProfile.tsx(33,29): error TS6133: 'prof' is declared but its value is never read.
