node_modules/@types/babel__template/index.d.ts(11,28): error TS2583: Cannot find name 'Set'. Do you need to change your target library? Try changing the 'lib' compiler option to 'es2015' or later.
node_modules/@types/babel__traverse/index.d.ts(63,15): error TS2583: Cannot find name 'WeakMap'. Do you need to change your target library? Try changing the 'lib' compiler option to 'es2015' or later.
node_modules/@types/babel__traverse/index.d.ts(63,31): error TS2583: Cannot find name 'Map'. Do you need to change your target library? Try changing the 'lib' compiler option to 'es2015' or later.
node_modules/@types/babel__traverse/index.d.ts(64,16): error TS2583: Cannot find name 'WeakMap'. Do you need to change your target library? Try changing the 'lib' compiler option to 'es2015' or later.
node_modules/@types/babel__traverse/index.d.ts(90,13): error TS2583: Cannot find name 'Map'. Do you need to change your target library? Try changing the 'lib' compiler option to 'es2015' or later.
node_modules/@types/d3-array/index.d.ts(58,31): error TS2304: Cannot find name 'Iterable'.
node_modules/@types/d3-array/index.d.ts(63,50): error TS2304: Cannot find name 'Iterable'.
node_modules/@types/d3-array/index.d.ts(68,15): error TS2304: Cannot find name 'Iterable'.
node_modules/@types/d3-array/index.d.ts(69,48): error TS2304: Cannot find name 'Iterable'.
node_modules/@types/d3-array/index.d.ts(75,15): error TS2304: Cannot find name 'Iterable'.
node_modules/@types/d3-array/index.d.ts(76,48): error TS2304: Cannot find name 'Iterable'.
node_modules/@types/d3-array/index.d.ts(82,36): error TS2304: Cannot find name 'Iterable'.
node_modules/@types/d3-array/index.d.ts(87,15): error TS2304: Cannot find name 'Iterable'.
node_modules/@types/d3-array/index.d.ts(88,53): error TS2304: Cannot find name 'Iterable'.
node_modules/@types/d3-array/index.d.ts(93,36): error TS2304: Cannot find name 'Iterable'.
node_modules/@types/d3-array/index.d.ts(98,31): error TS2304: Cannot find name 'Iterable'.
node_modules/@types/d3-array/index.d.ts(102,50): error TS2304: Cannot find name 'Iterable'.
node_modules/@types/d3-array/index.d.ts(107,15): error TS2304: Cannot find name 'Iterable'.
node_modules/@types/d3-array/index.d.ts(108,48): error TS2304: Cannot find name 'Iterable'.
node_modules/@types/d3-array/index.d.ts(114,15): error TS2304: Cannot find name 'Iterable'.
node_modules/@types/d3-array/index.d.ts(115,48): error TS2304: Cannot find name 'Iterable'.
node_modules/@types/d3-array/index.d.ts(121,36): error TS2304: Cannot find name 'Iterable'.
node_modules/@types/d3-array/index.d.ts(126,15): error TS2304: Cannot find name 'Iterable'.
node_modules/@types/d3-array/index.d.ts(127,53): error TS2304: Cannot find name 'Iterable'.
node_modules/@types/d3-array/index.d.ts(133,34): error TS2304: Cannot find name 'Iterable'.
node_modules/@types/d3-array/index.d.ts(137,53): error TS2304: Cannot find name 'Iterable'.
node_modules/@types/d3-array/index.d.ts(142,15): error TS2304: Cannot find name 'Iterable'.
node_modules/@types/d3-array/index.d.ts(143,48): error TS2304: Cannot find name 'Iterable'.
node_modules/@types/d3-array/index.d.ts(149,15): error TS2304: Cannot find name 'Iterable'.
node_modules/@types/d3-array/index.d.ts(150,48): error TS2304: Cannot find name 'Iterable'.
node_modules/@types/d3-array/index.d.ts(160,32): error TS2304: Cannot find name 'Iterable'.
node_modules/@types/d3-array/index.d.ts(169,15): error TS2304: Cannot find name 'Iterable'.
node_modules/@types/d3-array/index.d.ts(170,48): error TS2304: Cannot find name 'Iterable'.
node_modules/@types/d3-array/index.d.ts(176,31): error TS2304: Cannot find name 'Iterable'.
node_modules/@types/d3-array/index.d.ts(181,15): error TS2304: Cannot find name 'Iterable'.
node_modules/@types/d3-array/index.d.ts(182,48): error TS2304: Cannot find name 'Iterable'.
node_modules/@types/d3-array/index.d.ts(188,32): error TS2304: Cannot find name 'Iterable'.
node_modules/@types/d3-array/index.d.ts(193,15): error TS2304: Cannot find name 'Iterable'.
node_modules/@types/d3-array/index.d.ts(194,48): error TS2304: Cannot find name 'Iterable'.
node_modules/@types/d3-array/index.d.ts(200,34): error TS2304: Cannot find name 'Iterable'.
node_modules/@types/d3-array/index.d.ts(205,15): error TS2304: Cannot find name 'Iterable'.
node_modules/@types/d3-array/index.d.ts(206,46): error TS2304: Cannot find name 'Iterable'.
node_modules/@types/d3-array/index.d.ts(212,39): error TS2304: Cannot find name 'Iterable'.
node_modules/@types/d3-array/index.d.ts(217,15): error TS2304: Cannot find name 'Iterable'.
node_modules/@types/d3-array/index.d.ts(218,46): error TS2304: Cannot find name 'Iterable'.
node_modules/@types/d3-array/index.d.ts(227,34): error TS2304: Cannot find name 'Iterable'.
node_modules/@types/d3-array/index.d.ts(235,15): error TS2304: Cannot find name 'Iterable'.
node_modules/@types/d3-array/index.d.ts(236,46): error TS2304: Cannot find name 'Iterable'.
node_modules/@types/d3-array/index.d.ts(244,36): error TS2304: Cannot find name 'Iterable'.
node_modules/@types/d3-array/index.d.ts(251,15): error TS2304: Cannot find name 'Iterable'.
node_modules/@types/d3-array/index.d.ts(253,46): error TS2304: Cannot find name 'Iterable'.
node_modules/@types/d3-array/index.d.ts(259,41): error TS2304: Cannot find name 'Iterable'.
node_modules/@types/d3-array/index.d.ts(264,15): error TS2304: Cannot find name 'Iterable'.
node_modules/@types/d3-array/index.d.ts(266,46): error TS2304: Cannot find name 'Iterable'.
node_modules/@types/d3-array/index.d.ts(294,32): error TS2304: Cannot find name 'Iterable'.
node_modules/@types/d3-array/index.d.ts(303,15): error TS2304: Cannot find name 'Iterable'.
node_modules/@types/d3-array/index.d.ts(305,45): error TS2304: Cannot find name 'Iterable'.
node_modules/@types/d3-array/index.d.ts(315,36): error TS2304: Cannot find name 'Iterable'.
node_modules/@types/d3-array/index.d.ts(323,15): error TS2304: Cannot find name 'Iterable'.
node_modules/@types/d3-array/index.d.ts(324,48): error TS2304: Cannot find name 'Iterable'.
node_modules/@types/d3-array/index.d.ts(330,37): error TS2304: Cannot find name 'Iterable'.
node_modules/@types/d3-array/index.d.ts(336,15): error TS2304: Cannot find name 'Iterable'.
node_modules/@types/d3-array/index.d.ts(337,48): error TS2304: Cannot find name 'Iterable'.
node_modules/@types/d3-array/index.d.ts(344,30): error TS2304: Cannot find name 'Iterable'.
node_modules/@types/d3-array/index.d.ts(350,13): error TS2304: Cannot find name 'Iterable'.
node_modules/@types/d3-array/index.d.ts(351,48): error TS2304: Cannot find name 'Iterable'.
node_modules/@types/d3-array/index.d.ts(358,33): error TS2304: Cannot find name 'Iterable'.
node_modules/@types/d3-array/index.d.ts(364,13): error TS2304: Cannot find name 'Iterable'.
node_modules/@types/d3-array/index.d.ts(365,48): error TS2304: Cannot find name 'Iterable'.
node_modules/@types/d3-array/index.d.ts(394,36): error TS2304: Cannot find name 'Iterable'.
node_modules/@types/d3-array/index.d.ts(398,36): error TS2304: Cannot find name 'Iterable'.
node_modules/@types/d3-array/index.d.ts(403,38): error TS2304: Cannot find name 'Iterable'.
node_modules/@types/d3-array/index.d.ts(407,41): error TS2304: Cannot find name 'Iterable'.
node_modules/@types/d3-array/index.d.ts(412,41): error TS2304: Cannot find name 'Iterable'.
node_modules/@types/d3-array/index.d.ts(419,39): error TS2304: Cannot find name 'Iterable'.
node_modules/@types/d3-array/index.d.ts(425,39): error TS2304: Cannot find name 'Iterable'.
node_modules/@types/d3-array/index.d.ts(432,41): error TS2304: Cannot find name 'Iterable'.
node_modules/@types/d3-array/index.d.ts(438,44): error TS2304: Cannot find name 'Iterable'.
node_modules/@types/d3-array/index.d.ts(445,44): error TS2304: Cannot find name 'Iterable'.
node_modules/@types/d3-array/index.d.ts(511,15): error TS2304: Cannot find name 'Iterable'.
node_modules/@types/d3-array/index.d.ts(524,15): error TS2304: Cannot find name 'Iterable'.
node_modules/@types/d3-array/index.d.ts(537,15): error TS2304: Cannot find name 'Iterable'.
node_modules/@types/d3-array/index.d.ts(550,15): error TS2304: Cannot find name 'Iterable'.
node_modules/@types/d3-array/index.d.ts(563,15): error TS2304: Cannot find name 'Iterable'.
node_modules/@types/d3-array/index.d.ts(577,15): error TS2304: Cannot find name 'Iterable'.
node_modules/@types/d3-array/index.d.ts(592,15): error TS2304: Cannot find name 'Iterable'.
node_modules/@types/d3-array/index.d.ts(607,15): error TS2304: Cannot find name 'Iterable'.
node_modules/@types/d3-array/index.d.ts(619,15): error TS2304: Cannot find name 'Iterable'.
node_modules/@types/d3-array/index.d.ts(627,15): error TS2304: Cannot find name 'Iterable'.
node_modules/@types/d3-array/index.d.ts(638,33): error TS2304: Cannot find name 'Iterable'.
node_modules/@types/d3-array/index.d.ts(646,15): error TS2304: Cannot find name 'Iterable'.
node_modules/@types/d3-array/index.d.ts(672,5): error TS2370: A rest parameter must be of an array type.
node_modules/@types/d3-array/index.d.ts(672,37): error TS2304: Cannot find name 'Iterable'.
node_modules/@types/d3-array/index.d.ts(699,15): error TS2574: A rest element type must be an array type.
node_modules/@types/d3-array/index.d.ts(699,47): error TS2304: Cannot find name 'Iterable'.
node_modules/@types/d3-array/index.d.ts(705,37): error TS2304: Cannot find name 'Iterable'.
node_modules/@types/d3-array/index.d.ts(705,46): error TS2304: Cannot find name 'Iterable'.
node_modules/@types/d3-array/index.d.ts(713,36): error TS2304: Cannot find name 'Iterable'.
node_modules/@types/d3-array/index.d.ts(722,39): error TS2304: Cannot find name 'Iterable'.
node_modules/@types/d3-array/index.d.ts(731,64): error TS2304: Cannot find name 'Iterable'.
node_modules/@types/d3-array/index.d.ts(737,64): error TS2304: Cannot find name 'Iterable'.
node_modules/@types/d3-array/index.d.ts(869,15): error TS2304: Cannot find name 'Iterable'.
node_modules/@types/d3-array/index.d.ts(870,47): error TS2304: Cannot find name 'Iterable'.
node_modules/@types/d3-array/index.d.ts(879,15): error TS2304: Cannot find name 'Iterable'.
node_modules/@types/d3-array/index.d.ts(880,47): error TS2304: Cannot find name 'Iterable'.
node_modules/@types/d3-array/index.d.ts(888,15): error TS2304: Cannot find name 'Iterable'.
node_modules/@types/d3-array/index.d.ts(889,47): error TS2304: Cannot find name 'Iterable'.
node_modules/@types/d3-array/index.d.ts(896,37): error TS2304: Cannot find name 'Iterable'.
node_modules/@types/d3-array/index.d.ts(896,94): error TS2304: Cannot find name 'Iterable'.
node_modules/@types/d3-array/index.d.ts(903,15): error TS2304: Cannot find name 'Iterable'.
node_modules/@types/d3-array/index.d.ts(904,82): error TS2304: Cannot find name 'Iterable'.
node_modules/@types/d3-array/index.d.ts(912,15): error TS2304: Cannot find name 'Iterable'.
node_modules/@types/d3-array/index.d.ts(913,82): error TS2304: Cannot find name 'Iterable'.
node_modules/@types/d3-array/index.d.ts(921,38): error TS2304: Cannot find name 'Iterable'.
node_modules/@types/d3-array/index.d.ts(928,35): error TS2304: Cannot find name 'Iterable'.
node_modules/@types/d3-array/index.d.ts(935,35): error TS2304: Cannot find name 'Iterable'.
node_modules/@types/d3-array/index.d.ts(944,41): error TS2304: Cannot find name 'Iterable'.
node_modules/@types/d3-array/index.d.ts(944,71): error TS2304: Cannot find name 'Iterable'.
node_modules/@types/d3-array/index.d.ts(950,46): error TS2304: Cannot find name 'Iterable'.
node_modules/@types/d3-array/index.d.ts(956,53): error TS2304: Cannot find name 'Iterable'.
node_modules/@types/d3-array/index.d.ts(961,32): error TS2304: Cannot find name 'Iterable'.
node_modules/@types/d3-array/index.d.ts(961,48): error TS2304: Cannot find name 'Iterable'.
node_modules/@types/d3-array/index.d.ts(966,30): error TS2304: Cannot find name 'Iterable'.
node_modules/@types/d3-array/index.d.ts(966,46): error TS2304: Cannot find name 'Iterable'.
node_modules/@types/d3-array/index.d.ts(971,32): error TS2304: Cannot find name 'Iterable'.
node_modules/@types/d3-array/index.d.ts(971,48): error TS2304: Cannot find name 'Iterable'.
node_modules/@types/d3-array/index.d.ts(1039,24): error TS2304: Cannot find name 'Iterable'.
node_modules/@types/d3-array/index.d.ts(1040,49): error TS2304: Cannot find name 'Iterable'.
node_modules/@types/d3-array/index.d.ts(1111,50): error TS2583: Cannot find name 'Map'. Do you need to change your target library? Try changing the 'lib' compiler option to 'es2015' or later.
node_modules/@types/d3-array/index.d.ts(1117,41): error TS2583: Cannot find name 'Set'. Do you need to change your target library? Try changing the 'lib' compiler option to 'es2015' or later.
node_modules/@types/d3-scale/index.d.ts(75,20): error TS2304: Cannot find name 'Iterable'.
node_modules/@types/d3-scale/index.d.ts(89,18): error TS2304: Cannot find name 'Iterable'.
node_modules/@types/d3-scale/index.d.ts(102,23): error TS2304: Cannot find name 'Iterable'.
node_modules/@types/d3-scale/index.d.ts(267,13): error TS2304: Cannot find name 'Iterable'.
node_modules/@types/d3-scale/index.d.ts(288,13): error TS2304: Cannot find name 'Iterable'.
node_modules/@types/d3-scale/index.d.ts(289,12): error TS2304: Cannot find name 'Iterable'.
node_modules/@types/d3-scale/index.d.ts(396,13): error TS2304: Cannot find name 'Iterable'.
node_modules/@types/d3-scale/index.d.ts(418,13): error TS2304: Cannot find name 'Iterable'.
node_modules/@types/d3-scale/index.d.ts(419,12): error TS2304: Cannot find name 'Iterable'.
node_modules/@types/d3-scale/index.d.ts(443,13): error TS2304: Cannot find name 'Iterable'.
node_modules/@types/d3-scale/index.d.ts(465,13): error TS2304: Cannot find name 'Iterable'.
node_modules/@types/d3-scale/index.d.ts(466,12): error TS2304: Cannot find name 'Iterable'.
node_modules/@types/d3-scale/index.d.ts(521,20): error TS2304: Cannot find name 'Iterable'.
node_modules/@types/d3-scale/index.d.ts(641,13): error TS2304: Cannot find name 'Iterable'.
node_modules/@types/d3-scale/index.d.ts(662,13): error TS2304: Cannot find name 'Iterable'.
node_modules/@types/d3-scale/index.d.ts(663,12): error TS2304: Cannot find name 'Iterable'.
node_modules/@types/d3-scale/index.d.ts(751,13): error TS2304: Cannot find name 'Iterable'.
node_modules/@types/d3-scale/index.d.ts(772,13): error TS2304: Cannot find name 'Iterable'.
node_modules/@types/d3-scale/index.d.ts(773,12): error TS2304: Cannot find name 'Iterable'.
node_modules/@types/d3-scale/index.d.ts(829,20): error TS2304: Cannot find name 'Iterable'.
node_modules/@types/d3-scale/index.d.ts(843,18): error TS2304: Cannot find name 'Iterable'.
node_modules/@types/d3-scale/index.d.ts(911,56): error TS2304: Cannot find name 'Iterable'.
node_modules/@types/d3-scale/index.d.ts(943,13): error TS2304: Cannot find name 'Iterable'.
node_modules/@types/d3-scale/index.d.ts(958,13): error TS2304: Cannot find name 'Iterable'.
node_modules/@types/d3-scale/index.d.ts(959,12): error TS2304: Cannot find name 'Iterable'.
node_modules/@types/d3-scale/index.d.ts(1027,20): error TS2304: Cannot find name 'Iterable'.
node_modules/@types/d3-scale/index.d.ts(1041,18): error TS2304: Cannot find name 'Iterable'.
node_modules/@types/d3-scale/index.d.ts(1054,23): error TS2304: Cannot find name 'Iterable'.
node_modules/@types/d3-scale/index.d.ts(1228,13): error TS2304: Cannot find name 'Iterable'.
node_modules/@types/d3-scale/index.d.ts(1249,13): error TS2304: Cannot find name 'Iterable'.
node_modules/@types/d3-scale/index.d.ts(1250,12): error TS2304: Cannot find name 'Iterable'.
node_modules/@types/d3-scale/index.d.ts(1273,13): error TS2304: Cannot find name 'Iterable'.
node_modules/@types/d3-scale/index.d.ts(1294,13): error TS2304: Cannot find name 'Iterable'.
node_modules/@types/d3-scale/index.d.ts(1295,12): error TS2304: Cannot find name 'Iterable'.
node_modules/@types/d3-scale/index.d.ts(1332,20): error TS2304: Cannot find name 'Iterable'.
node_modules/@types/d3-scale/index.d.ts(1358,18): error TS2304: Cannot find name 'Iterable'.
node_modules/@types/d3-scale/index.d.ts(1366,23): error TS2304: Cannot find name 'Iterable'.
node_modules/@types/d3-scale/index.d.ts(1421,46): error TS2304: Cannot find name 'Iterable'.
node_modules/@types/d3-scale/index.d.ts(1437,13): error TS2304: Cannot find name 'Iterable'.
node_modules/@types/d3-scale/index.d.ts(1438,45): error TS2304: Cannot find name 'Iterable'.
node_modules/@types/d3-scale/index.d.ts(1464,13): error TS2304: Cannot find name 'Iterable'.
node_modules/@types/d3-scale/index.d.ts(1491,13): error TS2304: Cannot find name 'Iterable'.
node_modules/@types/d3-scale/index.d.ts(1518,13): error TS2304: Cannot find name 'Iterable'.
node_modules/@types/d3-scale/index.d.ts(1545,13): error TS2304: Cannot find name 'Iterable'.
node_modules/@types/d3-scale/index.d.ts(1610,13): error TS2304: Cannot find name 'Iterable'.
node_modules/@types/d3-scale/index.d.ts(1649,20): error TS2304: Cannot find name 'Iterable'.
node_modules/@types/d3-scale/index.d.ts(1686,18): error TS2304: Cannot find name 'Iterable'.
node_modules/@types/d3-scale/index.d.ts(1694,23): error TS2304: Cannot find name 'Iterable'.
node_modules/@types/d3-scale/index.d.ts(1729,46): error TS2304: Cannot find name 'Iterable'.
node_modules/@types/d3-scale/index.d.ts(1746,13): error TS2304: Cannot find name 'Iterable'.
node_modules/@types/d3-scale/index.d.ts(1747,45): error TS2304: Cannot find name 'Iterable'.
node_modules/@types/d3-scale/index.d.ts(1773,13): error TS2304: Cannot find name 'Iterable'.
node_modules/@types/d3-scale/index.d.ts(1800,13): error TS2304: Cannot find name 'Iterable'.
node_modules/@types/d3-scale/index.d.ts(1827,13): error TS2304: Cannot find name 'Iterable'.
node_modules/@types/d3-scale/index.d.ts(1854,13): error TS2304: Cannot find name 'Iterable'.
node_modules/@types/d3-scale/index.d.ts(1898,20): error TS2304: Cannot find name 'Iterable'.
node_modules/@types/d3-scale/index.d.ts(1909,18): error TS2304: Cannot find name 'Iterable'.
node_modules/@types/d3-scale/index.d.ts(1985,72): error TS2304: Cannot find name 'Iterable'.
node_modules/@types/d3-scale/index.d.ts(2000,13): error TS2304: Cannot find name 'Iterable'.
node_modules/@types/d3-scale/index.d.ts(2001,12): error TS2304: Cannot find name 'Iterable'.
node_modules/@types/d3-scale/index.d.ts(2047,20): error TS2304: Cannot find name 'Iterable'.
node_modules/@types/d3-scale/index.d.ts(2061,18): error TS2304: Cannot find name 'Iterable'.
node_modules/@types/d3-scale/index.d.ts(2100,72): error TS2304: Cannot find name 'Iterable'.
node_modules/@types/d3-scale/index.d.ts(2113,13): error TS2304: Cannot find name 'Iterable'.
node_modules/@types/d3-scale/index.d.ts(2114,12): error TS2304: Cannot find name 'Iterable'.
node_modules/@types/d3-scale/index.d.ts(2162,20): error TS2304: Cannot find name 'Iterable'.
node_modules/@types/d3-scale/index.d.ts(2175,18): error TS2304: Cannot find name 'Iterable'.
node_modules/@types/d3-scale/index.d.ts(2208,13): error TS2304: Cannot find name 'Iterable'.
node_modules/@types/d3-scale/index.d.ts(2223,13): error TS2304: Cannot find name 'Iterable'.
node_modules/@types/d3-scale/index.d.ts(2224,12): error TS2304: Cannot find name 'Iterable'.
node_modules/@types/d3-scale/index.d.ts(2272,20): error TS2304: Cannot find name 'Iterable'.
node_modules/@types/d3-scale/index.d.ts(2287,18): error TS2304: Cannot find name 'Iterable'.
node_modules/@types/d3-scale/index.d.ts(2319,45): error TS2304: Cannot find name 'Iterable'.
node_modules/@types/d3-scale/index.d.ts(2333,13): error TS2304: Cannot find name 'Iterable'.
node_modules/@types/d3-scale/index.d.ts(2347,13): error TS2304: Cannot find name 'Iterable'.
node_modules/@types/d3-scale/index.d.ts(2348,12): error TS2304: Cannot find name 'Iterable'.
node_modules/@types/d3-scale/index.d.ts(2388,20): error TS2304: Cannot find name 'Iterable'.
node_modules/@types/d3-scale/index.d.ts(2400,18): error TS2304: Cannot find name 'Iterable'.
node_modules/@types/d3-scale/index.d.ts(2410,23): error TS2304: Cannot find name 'Iterable'.
node_modules/@types/d3-scale/index.d.ts(2509,13): error TS2304: Cannot find name 'Iterable'.
node_modules/@types/d3-scale/index.d.ts(2520,13): error TS2304: Cannot find name 'Iterable'.
node_modules/@types/d3-scale/index.d.ts(2521,12): error TS2304: Cannot find name 'Iterable'.
node_modules/@types/d3-scale/index.d.ts(2555,20): error TS2304: Cannot find name 'Iterable'.
node_modules/@types/d3-scale/index.d.ts(2568,18): error TS2304: Cannot find name 'Iterable'.
node_modules/@types/d3-scale/index.d.ts(2578,23): error TS2304: Cannot find name 'Iterable'.
node_modules/@types/d3-scale/index.d.ts(2655,13): error TS2304: Cannot find name 'Iterable'.
node_modules/@types/d3-scale/index.d.ts(2667,13): error TS2304: Cannot find name 'Iterable'.
node_modules/@types/d3-scale/index.d.ts(2668,12): error TS2304: Cannot find name 'Iterable'.
node_modules/@types/d3-selection/index.d.ts(161,47): error TS2304: Cannot find name 'Iterable'.
node_modules/@types/d3-selection/index.d.ts(255,85): error TS2304: Cannot find name 'Iterable'.
node_modules/@types/d3-selection/index.d.ts(748,28): error TS2304: Cannot find name 'Iterable'.
node_modules/@types/d3-selection/index.d.ts(748,88): error TS2304: Cannot find name 'Iterable'.
node_modules/@types/d3-selection/index.d.ts(943,6): error TS2585: 'Symbol' only refers to a type, but is being used as a value here. Do you need to change your target library? Try changing the 'lib' compiler option to es2015 or later.
node_modules/@types/d3-selection/index.d.ts(943,26): error TS2583: Cannot find name 'Iterator'. Do you need to change your target library? Try changing the 'lib' compiler option to 'es2015' or later.
node_modules/@types/d3-shape/index.d.ts(627,12): error TS2304: Cannot find name 'Iterable'.
node_modules/@types/d3-shape/index.d.ts(637,12): error TS2304: Cannot find name 'Iterable'.
node_modules/@types/d3-shape/index.d.ts(789,12): error TS2304: Cannot find name 'Iterable'.
node_modules/@types/d3-shape/index.d.ts(799,12): error TS2304: Cannot find name 'Iterable'.
node_modules/@types/d3-shape/index.d.ts(975,12): error TS2304: Cannot find name 'Iterable'.
node_modules/@types/d3-shape/index.d.ts(985,12): error TS2304: Cannot find name 'Iterable'.
node_modules/@types/d3-shape/index.d.ts(1244,12): error TS2304: Cannot find name 'Iterable'.
node_modules/@types/d3-shape/index.d.ts(1253,12): error TS2304: Cannot find name 'Iterable'.
node_modules/@types/d3-shape/index.d.ts(2485,12): error TS2304: Cannot find name 'Iterable'.
node_modules/@types/d3-shape/index.d.ts(2497,16): error TS2304: Cannot find name 'Iterable'.
node_modules/@types/d3-shape/index.d.ts(2522,46): error TS2304: Cannot find name 'Iterable'.
node_modules/@types/d3-shape/index.d.ts(2526,25): error TS2304: Cannot find name 'Iterable'.
node_modules/@types/d3-shape/index.d.ts(2537,50): error TS2304: Cannot find name 'Iterable'.
node_modules/@types/d3-shape/index.d.ts(2647,70): error TS2304: Cannot find name 'Iterable'.
node_modules/@types/d3-shape/index.d.ts(2655,73): error TS2304: Cannot find name 'Iterable'.
node_modules/@types/d3-shape/index.d.ts(2663,68): error TS2304: Cannot find name 'Iterable'.
node_modules/@types/d3-shape/index.d.ts(2671,74): error TS2304: Cannot find name 'Iterable'.
node_modules/@types/d3-shape/index.d.ts(2680,70): error TS2304: Cannot find name 'Iterable'.
node_modules/@types/prop-types/index.d.ts(16,38): error TS2304: Cannot find name 'Iterable'.
node_modules/@types/react/index.d.ts(448,26): error TS2304: Cannot find name 'Iterable'.
node_modules/@types/react/index.d.ts(486,10): error TS2456: Type alias 'ReactNode' circularly references itself.
node_modules/@types/react/index.d.ts(490,11): error TS2304: Cannot find name 'Iterable'.
node_modules/framer-motion/dist/index.d.ts(1451,15): error TS2583: Cannot find name 'Set'. Do you need to change your target library? Try changing the 'lib' compiler option to 'es2015' or later.
node_modules/framer-motion/dist/index.d.ts(1498,18): error TS2583: Cannot find name 'Map'. Do you need to change your target library? Try changing the 'lib' compiler option to 'es2015' or later.
node_modules/framer-motion/dist/index.d.ts(1664,15): error TS2583: Cannot find name 'Set'. Do you need to change your target library? Try changing the 'lib' compiler option to 'es2015' or later.
node_modules/framer-motion/dist/index.d.ts(1688,23): error TS2583: Cannot find name 'Set'. Do you need to change your target library? Try changing the 'lib' compiler option to 'es2015' or later.
node_modules/framer-motion/dist/index.d.ts(1720,13): error TS2583: Cannot find name 'Map'. Do you need to change your target library? Try changing the 'lib' compiler option to 'es2015' or later.
node_modules/framer-motion/dist/index.d.ts(3484,37): error TS2583: Cannot find name 'Map'. Do you need to change your target library? Try changing the 'lib' compiler option to 'es2015' or later.
node_modules/framer-motion/dist/index.d.ts(4478,35): error TS2583: Cannot find name 'WeakMap'. Do you need to change your target library? Try changing the 'lib' compiler option to 'es2015' or later.
src/components/foundations/engines/RecursionEngine.tsx(1,8): error TS1259: Module '"c:/Users/Jaswanth Reddy/OneDrive/Desktop/Projects/Algoscope/frontend/node_modules/@types/react/index"' can only be default-imported using the 'esModuleInterop' flag
src/components/foundations/engines/RecursionEngine.tsx(11,47): error TS6142: Module './Recursion/TimelineController' was resolved to 'c:/Users/Jaswanth Reddy/OneDrive/Desktop/Projects/Algoscope/frontend/src/components/foundations/engines/Recursion/TimelineController.tsx', but '--jsx' is not set.
src/components/foundations/engines/RecursionEngine.tsx(12,31): error TS6142: Module './Recursion/DeterministicTree' was resolved to 'c:/Users/Jaswanth Reddy/OneDrive/Desktop/Projects/Algoscope/frontend/src/components/foundations/engines/Recursion/DeterministicTree.tsx', but '--jsx' is not set.
src/components/foundations/engines/RecursionEngine.tsx(13,26): error TS6142: Module './Recursion/DynamicStack' was resolved to 'c:/Users/Jaswanth Reddy/OneDrive/Desktop/Projects/Algoscope/frontend/src/components/foundations/engines/Recursion/DynamicStack.tsx', but '--jsx' is not set.
src/components/foundations/engines/RecursionEngine.tsx(14,30): error TS6142: Module './Recursion/TimelineControls' was resolved to 'c:/Users/Jaswanth Reddy/OneDrive/Desktop/Projects/Algoscope/frontend/src/components/foundations/engines/Recursion/TimelineControls.tsx', but '--jsx' is not set.
src/components/foundations/engines/RecursionEngine.tsx(15,28): error TS6142: Module './Recursion/MetricsDisplay' was resolved to 'c:/Users/Jaswanth Reddy/OneDrive/Desktop/Projects/Algoscope/frontend/src/components/foundations/engines/Recursion/MetricsDisplay.tsx', but '--jsx' is not set.
src/components/foundations/engines/RecursionEngine.tsx(16,27): error TS6142: Module './Recursion/IterativeView' was resolved to 'c:/Users/Jaswanth Reddy/OneDrive/Desktop/Projects/Algoscope/frontend/src/components/foundations/engines/Recursion/IterativeView.tsx', but '--jsx' is not set.
src/components/foundations/engines/RecursionEngine.tsx(75,9): error TS17004: Cannot use JSX unless the '--jsx' flag is provided.
src/components/foundations/engines/RecursionEngine.tsx(81,13): error TS17004: Cannot use JSX unless the '--jsx' flag is provided.
src/components/foundations/engines/RecursionEngine.tsx(82,17): error TS17004: Cannot use JSX unless the '--jsx' flag is provided.
src/components/foundations/engines/RecursionEngine.tsx(83,17): error TS17004: Cannot use JSX unless the '--jsx' flag is provided.
src/components/foundations/engines/RecursionEngine.tsx(91,9): error TS17004: Cannot use JSX unless the '--jsx' flag is provided.
src/components/foundations/engines/RecursionEngine.tsx(92,13): error TS17004: Cannot use JSX unless the '--jsx' flag is provided.
src/components/foundations/engines/RecursionEngine.tsx(95,13): error TS17004: Cannot use JSX unless the '--jsx' flag is provided.
src/components/foundations/engines/RecursionEngine.tsx(96,17): error TS17004: Cannot use JSX unless the '--jsx' flag is provided.
src/components/foundations/engines/RecursionEngine.tsx(97,21): error TS17004: Cannot use JSX unless the '--jsx' flag is provided.
src/components/foundations/engines/RecursionEngine.tsx(98,25): error TS17004: Cannot use JSX unless the '--jsx' flag is provided.
src/components/foundations/engines/RecursionEngine.tsx(100,21): error TS17004: Cannot use JSX unless the '--jsx' flag is provided.
src/components/foundations/engines/RecursionEngine.tsx(101,25): error TS17004: Cannot use JSX unless the '--jsx' flag is provided.
src/components/foundations/engines/RecursionEngine.tsx(101,105): error TS17004: Cannot use JSX unless the '--jsx' flag is provided.
src/components/foundations/engines/RecursionEngine.tsx(102,25): error TS17004: Cannot use JSX unless the '--jsx' flag is provided.
src/components/foundations/engines/RecursionEngine.tsx(103,29): error TS17004: Cannot use JSX unless the '--jsx' flag is provided.
src/components/foundations/engines/RecursionEngine.tsx(104,29): error TS17004: Cannot use JSX unless the '--jsx' flag is provided.
src/components/foundations/engines/RecursionEngine.tsx(105,29): error TS17004: Cannot use JSX unless the '--jsx' flag is provided.
src/components/foundations/engines/RecursionEngine.tsx(110,17): error TS17004: Cannot use JSX unless the '--jsx' flag is provided.
src/components/foundations/engines/RecursionEngine.tsx(112,25): error TS17004: Cannot use JSX unless the '--jsx' flag is provided.
src/components/foundations/engines/RecursionEngine.tsx(127,17): error TS17004: Cannot use JSX unless the '--jsx' flag is provided.
src/components/foundations/engines/RecursionEngine.tsx(128,21): error TS17004: Cannot use JSX unless the '--jsx' flag is provided.
src/components/foundations/engines/RecursionEngine.tsx(132,25): error TS17004: Cannot use JSX unless the '--jsx' flag is provided.
src/components/foundations/engines/RecursionEngine.tsx(135,21): error TS17004: Cannot use JSX unless the '--jsx' flag is provided.
src/components/foundations/engines/RecursionEngine.tsx(142,25): error TS17004: Cannot use JSX unless the '--jsx' flag is provided.
src/components/foundations/engines/RecursionEngine.tsx(149,13): error TS17004: Cannot use JSX unless the '--jsx' flag is provided.
src/components/foundations/engines/RecursionEngine.tsx(150,17): error TS17004: Cannot use JSX unless the '--jsx' flag is provided.
src/components/foundations/engines/RecursionEngine.tsx(152,21): error TS17004: Cannot use JSX unless the '--jsx' flag is provided.
src/components/foundations/engines/RecursionEngine.tsx(153,25): error TS17004: Cannot use JSX unless the '--jsx' flag is provided.
src/components/foundations/engines/RecursionEngine.tsx(155,33): error TS17004: Cannot use JSX unless the '--jsx' flag is provided.
src/components/foundations/engines/RecursionEngine.tsx(161,37): error TS17004: Cannot use JSX unless the '--jsx' flag is provided.
src/components/foundations/engines/RecursionEngine.tsx(166,25): error TS17004: Cannot use JSX unless the '--jsx' flag is provided.
src/components/foundations/engines/RecursionEngine.tsx(169,25): error TS17004: Cannot use JSX unless the '--jsx' flag is provided.
src/components/foundations/engines/RecursionEngine.tsx(170,29): error TS17004: Cannot use JSX unless the '--jsx' flag is provided.
src/components/foundations/engines/RecursionEngine.tsx(174,25): error TS17004: Cannot use JSX unless the '--jsx' flag is provided.
src/components/foundations/engines/RecursionEngine.tsx(175,29): error TS17004: Cannot use JSX unless the '--jsx' flag is provided.
src/components/foundations/engines/RecursionEngine.tsx(176,33): error TS17004: Cannot use JSX unless the '--jsx' flag is provided.
src/components/foundations/engines/RecursionEngine.tsx(182,37): error TS17004: Cannot use JSX unless the '--jsx' flag is provided.
src/components/foundations/engines/RecursionEngine.tsx(183,41): error TS17004: Cannot use JSX unless the '--jsx' flag is provided.
src/components/foundations/engines/RecursionEngine.tsx(184,41): error TS17004: Cannot use JSX unless the '--jsx' flag is provided.
src/components/foundations/engines/RecursionEngine.tsx(186,37): error TS17004: Cannot use JSX unless the '--jsx' flag is provided.
src/components/foundations/engines/RecursionEngine.tsx(201,21): error TS17004: Cannot use JSX unless the '--jsx' flag is provided.
src/components/foundations/engines/RecursionEngine.tsx(202,25): error TS17004: Cannot use JSX unless the '--jsx' flag is provided.
src/components/foundations/engines/RecursionEngine.tsx(207,17): error TS17004: Cannot use JSX unless the '--jsx' flag is provided.
src/components/foundations/engines/RecursionEngine.tsx(208,21): error TS17004: Cannot use JSX unless the '--jsx' flag is provided.
src/components/foundations/engines/RecursionEngine.tsx(225,9): error TS17004: Cannot use JSX unless the '--jsx' flag is provided.
src/components/foundations/engines/RecursionEngine.tsx(226,13): error TS17004: Cannot use JSX unless the '--jsx' flag is provided.
